// Jest Snapshot v1, https://goo.gl/fbAQLP

exports[`expect to render CounterButton component 1`] = `
initialize {
  "0": Node {
    "attribs": Object {
      "color": "red",
      "id": "counter",
    },
    "children": Array [
      Node {
        "data": "Count: 0",
        "next": null,
        "parent": [Circular],
        "prev": null,
        "type": "text",
      },
    ],
    "name": "button",
    "namespace": "http://www.w3.org/1999/xhtml",
    "next": null,
    "parent": Node {
      "children": Array [
        [Circular],
      ],
      "name": "root",
      "next": null,
      "parent": null,
      "prev": null,
      "type": "root",
    },
    "prev": null,
    "type": "tag",
    "x-attribsNamespace": Object {
      "color": undefined,
      "id": undefined,
    },
    "x-attribsPrefix": Object {
      "color": undefined,
      "id": undefined,
    },
  },
  "_root": [Circular],
  "length": 1,
  "options": Object {
    "decodeEntities": true,
    "xml": false,
  },
}
`;
